Godot Engine v4.7.2.stable.official.ed1daf0bf - https://godotengine.org

ERROR: Condition "ret != noErr" is true. Returning: ""
   at: get_system_ca_certificates (platform/macos/os_macos.mm:1035)
[   0% ] first_scan_filesystem | Started Project initialization (5 steps)
[   0% ] first_scan_filesystem | Scanning file structure...
[  16% ] first_scan_filesystem | Loading global class names...
[  33% ] first_scan_filesystem | Verifying GDExtensions...
[  50% ] first_scan_filesystem | Creating autoload scripts...
[  66% ] first_scan_filesystem | Initializing plugins...
[  83% ] first_scan_filesystem | Starting file scan...
[ DONE ] first_scan_filesystem

[   0% ] update_scripts_classes | Started Registering global classes... (3 steps)
[   0% ] update_scripts_classes | SoundPlayer
[  25% ] update_scripts_classes | 
[  50% ] update_scripts_classes | MenuScreen
[ DONE ] update_scripts_classes

[   0% ] _update_scan_actions | Started Scanning actions... (19 steps)
[   0% ] _update_scan_actions | clear_1.wav
[   5% ] _update_scan_actions | clear_2.wav
[  10% ] _update_scan_actions | clear_3.wav
[  15% ] _update_scan_actions | clear_4.wav
[  20% ] _update_scan_actions | game_over.wav
[  25% ] _update_scan_actions | game_start.wav
[  30% ] _update_scan_actions | hard_drop.wav
[  35% ] _update_scan_actions | hold.wav
[  40% ] _update_scan_actions | level_up.wav
[  45% ] _update_scan_actions | lock.wav
[  50% ] _update_scan_actions | move.wav
[  55% ] _update_scan_actions | pause.wav
[  60% ] _update_scan_actions | resume.wav
[  65% ] _update_scan_actions | rotate.wav
[  70% ] _update_scan_actions | soft_drop.wav
[  75% ] _update_scan_actions | ui_adjust.wav
[  80% ] _update_scan_actions | ui_back.wav
[  85% ] _update_scan_actions | ui_confirm.wav
[  90% ] _update_scan_actions | ui_move.wav
[ DONE ] _update_scan_actions

[   0% ] reimport | Started (Re)Importing Assets (19 steps)
[   0% ] reimport | Preparing files to reimport...
[   5% ] reimport | Preparing files to reimport...
[  10% ] reimport | Preparing files to reimport...
[  15% ] reimport | Preparing files to reimport...
[  20% ] reimport | Preparing files to reimport...
[  25% ] reimport | Preparing files to reimport...
[  30% ] reimport | Preparing files to reimport...
[  35% ] reimport | Preparing files to reimport...
[  40% ] reimport | Preparing files to reimport...
[  45% ] reimport | Preparing files to reimport...
[  50% ] reimport | Preparing files to reimport...
[  55% ] reimport | Preparing files to reimport...
[  60% ] reimport | Preparing files to reimport...
[  65% ] reimport | Preparing files to reimport...
[  70% ] reimport | Preparing files to reimport...
[  75% ] reimport | Preparing files to reimport...
[  80% ] reimport | Preparing files to reimport...
[  85% ] reimport | Preparing files to reimport...
[  90% ] reimport | Preparing files to reimport...
[   0% ] reimport | Executing pre-reimport operations...
[   0% ] reimport | ui_move.wav
[   5% ] reimport | ui_confirm.wav
[  10% ] reimport | ui_back.wav
[  15% ] reimport | ui_adjust.wav
[  20% ] reimport | soft_drop.wav
[  25% ] reimport | rotate.wav
[  30% ] reimport | resume.wav
[  35% ] reimport | pause.wav
[  40% ] reimport | move.wav
[  45% ] reimport | lock.wav
[  50% ] reimport | level_up.wav
[  55% ] reimport | hold.wav
[  60% ] reimport | hard_drop.wav
[  65% ] reimport | game_start.wav
[  70% ] reimport | game_over.wav
[  75% ] reimport | clear_4.wav
[  80% ] reimport | clear_3.wav
[  85% ] reimport | clear_2.wav
[  90% ] reimport | clear_1.wav
[  95% ] reimport | Finalizing Asset Import...
[ DONE ] reimport

[   0% ] reimport | Started (Re)Importing Assets (19 steps)
[   0% ] reimport | Executing post-reimport operations...
[ DONE ] reimport

[   0% ] loading_editor_layout | Started Loading editor (5 steps)
[   0% ] loading_editor_layout | Loading editor layout...
[  16% ] loading_editor_layout | Loading docks...
[  33% ] loading_editor_layout | Reopening scenes...
[  50% ] loading_editor_layout | Loading central editor layout...
[  66% ] loading_editor_layout | Loading plugin window layout...
[  83% ] loading_editor_layout | Editor layout ready.
[ DONE ] loading_editor_layout

ERROR: Cannot save file '/Users/jaili/Library/Application Support/Godot/editor_settings-4.7.tres'.
   at: save (scene/resources/resource_format_text.cpp:1768)
ERROR: Error saving editor settings to /Users/jaili/Library/Application Support/Godot/editor_settings-4.7.tres
   at: save (editor/settings/editor_settings.cpp:1525)
